// Jest Snapshot v1, https://goo.gl/fbAQLP

exports[`snapshot test 1`] = `
{
  "Outputs": {
    "MyFargateServiceLoadBalancerDNS704F6391": {
      "Value": {
        "Fn::GetAtt": [
          "MyFargateServiceLBDE830E97",
          "DNSName",
        ],
      },
    },
    "MyFargateServiceServiceURL4CF8398A": {
      "Value": {
        "Fn::Join": [
          "",
          [
            "http://",
            {
              "Fn::GetAtt": [
                "MyFargateServiceLBDE830E97",
                "DNSName",
              ],
            },
          ],
        ],
      },
    },
  },
  "Parameters": {
    "BootstrapVersion": {
      "Default": "/cdk-bootstrap/hnb659fds/version",
      "Description": "Version of the CDK Bootstrap resources in this environment, automatically retrieved from SSM Parameter Store. [cdk:skip]",
      "Type": "AWS::SSM::Parameter::Value<String>",
    },
  },
  "Resources": {
    "MyCluster4C1BA579": {
      "Type": "AWS::ECS::Cluster",
    },
    "MyFargateServiceF490C034": {
      "DependsOn": [
        "MyFargateServiceLBPublicListenerECSGroup4A3EDF05",
        "MyFargateServiceLBPublicListener61A1042F",
      ],
      "Properties": {
        "Cluster": {
          "Ref": "MyCluster4C1BA579",
        },
        "DeploymentConfiguration": {
          "MaximumPercent": 200,
          "MinimumHealthyPercent": 50,
        },
        "DesiredCount": 6,
        "EnableECSManagedTags": false,
        "HealthCheckGracePeriodSeconds": 60,
        "LaunchType": "FARGATE",
        "LoadBalancers": [
          {
            "ContainerName": "web",
            "ContainerPort": 80,
            "TargetGroupArn": {
              "Ref": "MyFargateServiceLBPublicListenerECSGroup4A3EDF05",
            },
          },
        ],
        "NetworkConfiguration": {
          "AwsvpcConfiguration": {
            "AssignPublicIp": "DISABLED",
            "SecurityGroups": [
              {
                "Fn::GetAtt": [
                  "MyFargateServiceSecurityGroup7016792A",
                  "GroupId",
                ],
              },
            ],
            "Subnets": [
              {
                "Ref": "MyVpcPrivateSubnet1Subnet5057CF7E",
              },
              {
                "Ref": "MyVpcPrivateSubnet2Subnet0040C983",
              },
            ],
          },
        },
        "TaskDefinition": {
          "Ref": "MyFargateServiceTaskDef5DA17B39",
        },
      },
      "Type": "AWS::ECS::Service",
    },
    "MyFargateServiceLBDE830E97": {
      "DependsOn": [
        "MyVpcPublicSubnet1DefaultRoute95FDF9EB",
        "MyVpcPublicSubnet1RouteTableAssociation2ECEE1CB",
        "MyVpcPublicSubnet2DefaultRoute052936F6",
        "MyVpcPublicSubnet2RouteTableAssociation227DE78D",
      ],
      "Properties": {
        "LoadBalancerAttributes": [
          {
            "Key": "deletion_protection.enabled",
            "Value": "false",
          },
        ],
        "Scheme": "internet-facing",
        "SecurityGroups": [
          {
            "Fn::GetAtt": [
              "MyFargateServiceLBSecurityGroup6FBF16F1",
              "GroupId",
            ],
          },
        ],
        "Subnets": [
          {
            "Ref": "MyVpcPublicSubnet1SubnetF6608456",
          },
          {
            "Ref": "MyVpcPublicSubnet2Subnet492B6BFB",
          },
        ],
        "Type": "application",
      },
      "Type": "AWS::ElasticLoadBalancingV2::LoadBalancer",
    },
    "MyFargateServiceLBPublicListener61A1042F": {
      "Properties": {
        "DefaultActions": [
          {
            "TargetGroupArn": {
              "Ref": "MyFargateServiceLBPublicListenerECSGroup4A3EDF05",
            },
            "Type": "forward",
          },
        ],
        "LoadBalancerArn": {
          "Ref": "MyFargateServiceLBDE830E97",
        },
        "Port": 80,
        "Protocol": "HTTP",
      },
      "Type": "AWS::ElasticLoadBalancingV2::Listener",
    },
    "MyFargateServiceLBPublicListenerECSGroup4A3EDF05": {
      "Properties": {
        "Port": 80,
        "Protocol": "HTTP",
        "TargetGroupAttributes": [
          {
            "Key": "stickiness.enabled",
            "Value": "false",
          },
        ],
        "TargetType": "ip",
        "VpcId": {
          "Ref": "MyVpcF9F0CA6F",
        },
      },
      "Type": "AWS::ElasticLoadBalancingV2::TargetGroup",
    },
    "MyFargateServiceLBSecurityGroup6FBF16F1": {
      "Properties": {
        "GroupDescription": "Automatically created Security Group for ELB MyTestStackMyFargateServiceLB1C43A0E9",
        "SecurityGroupIngress": [
          {
            "CidrIp": "0.0.0.0/0",
            "Description": "Allow from anyone on port 80",
            "FromPort": 80,
            "IpProtocol": "tcp",
            "ToPort": 80,
          },
        ],
        "VpcId": {
          "Ref": "MyVpcF9F0CA6F",
        },
      },
      "Type": "AWS::EC2::SecurityGroup",
    },
    "MyFargateServiceLBSecurityGrouptoMyTestStackMyFargateServiceSecurityGroup757F82AB805F4EF67B": {
      "Properties": {
        "Description": "Load balancer to target",
        "DestinationSecurityGroupId": {
          "Fn::GetAtt": [
            "MyFargateServiceSecurityGroup7016792A",
            "GroupId",
          ],
        },
        "FromPort": 80,
        "GroupId": {
          "Fn::GetAtt": [
            "MyFargateServiceLBSecurityGroup6FBF16F1",
            "GroupId",
          ],
        },
        "IpProtocol": "tcp",
        "ToPort": 80,
      },
      "Type": "AWS::EC2::SecurityGroupEgress",
    },
    "MyFargateServiceSecurityGroup7016792A": {
      "Properties": {
        "GroupDescription": "MyTestStack/MyFargateService/Service/SecurityGroup",
        "SecurityGroupEgress": [
          {
            "CidrIp": "0.0.0.0/0",
            "Description": "Allow all outbound traffic by default",
            "IpProtocol": "-1",
          },
        ],
        "VpcId": {
          "Ref": "MyVpcF9F0CA6F",
        },
      },
      "Type": "AWS::EC2::SecurityGroup",
    },
    "MyFargateServiceSecurityGroupfromMyTestStackMyFargateServiceLBSecurityGroupE6A072BD80B62F5F02": {
      "Properties": {
        "Description": "Load balancer to target",
        "FromPort": 80,
        "GroupId": {
          "Fn::GetAtt": [
            "MyFargateServiceSecurityGroup7016792A",
            "GroupId",
          ],
        },
        "IpProtocol": "tcp",
        "SourceSecurityGroupId": {
          "Fn::GetAtt": [
            "MyFargateServiceLBSecurityGroup6FBF16F1",
            "GroupId",
          ],
        },
        "ToPort": 80,
      },
      "Type": "AWS::EC2::SecurityGroupIngress",
    },
    "MyFargateServiceTaskDef5DA17B39": {
      "Properties": {
        "ContainerDefinitions": [
          {
            "Essential": true,
            "Image": "amazon/amazon-ecs-sample",
            "LogConfiguration": {
              "LogDriver": "awslogs",
              "Options": {
                "awslogs-group": {
                  "Ref": "MyFargateServiceTaskDefwebLogGroup4A6C44E8",
                },
                "awslogs-region": {
                  "Ref": "AWS::Region",
                },
                "awslogs-stream-prefix": "MyFargateService",
              },
            },
            "Name": "web",
            "PortMappings": [
              {
                "ContainerPort": 80,
                "Protocol": "tcp",
              },
            ],
          },
        ],
        "Cpu": "512",
        "ExecutionRoleArn": {
          "Fn::GetAtt": [
            "MyFargateServiceTaskDefExecutionRoleD6305504",
            "Arn",
          ],
        },
        "Family": "MyTestStackMyFargateServiceTaskDef6235E468",
        "Memory": "2048",
        "NetworkMode": "awsvpc",
        "RequiresCompatibilities": [
          "FARGATE",
        ],
        "TaskRoleArn": {
          "Fn::GetAtt": [
            "MyFargateServiceTaskDefTaskRole62C7D397",
            "Arn",
          ],
        },
      },
      "Type": "AWS::ECS::TaskDefinition",
    },
    "MyFargateServiceTaskDefExecutionRoleD6305504": {
      "Properties": {
        "AssumeRolePolicyDocument": {
          "Statement": [
            {
              "Action": "sts:AssumeRole",
              "Effect": "Allow",
              "Principal": {
                "Service": "ecs-tasks.amazonaws.com",
              },
            },
          ],
          "Version": "2012-10-17",
        },
      },
      "Type": "AWS::IAM::Role",
    },
    "MyFargateServiceTaskDefExecutionRoleDefaultPolicyEC22B20F": {
      "Properties": {
        "PolicyDocument": {
          "Statement": [
            {
              "Action": [
                "logs:CreateLogStream",
                "logs:PutLogEvents",
              ],
              "Effect": "Allow",
              "Resource": {
                "Fn::GetAtt": [
                  "MyFargateServiceTaskDefwebLogGroup4A6C44E8",
                  "Arn",
                ],
              },
            },
          ],
          "Version": "2012-10-17",
        },
        "PolicyName": "MyFargateServiceTaskDefExecutionRoleDefaultPolicyEC22B20F",
        "Roles": [
          {
            "Ref": "MyFargateServiceTaskDefExecutionRoleD6305504",
          },
        ],
      },
      "Type": "AWS::IAM::Policy",
    },
    "MyFargateServiceTaskDefTaskRole62C7D397": {
      "Properties": {
        "AssumeRolePolicyDocument": {
          "Statement": [
            {
              "Action": "sts:AssumeRole",
              "Effect": "Allow",
              "Principal": {
                "Service": "ecs-tasks.amazonaws.com",
              },
            },
          ],
          "Version": "2012-10-17",
        },
      },
      "Type": "AWS::IAM::Role",
    },
    "MyFargateServiceTaskDefwebLogGroup4A6C44E8": {
      "DeletionPolicy": "Retain",
      "Type": "AWS::Logs::LogGroup",
      "UpdateReplacePolicy": "Retain",
    },
    "MyVpcF9F0CA6F": {
      "Properties": {
        "CidrBlock": "10.0.0.0/16",
        "EnableDnsHostnames": true,
        "EnableDnsSupport": true,
        "InstanceTenancy": "default",
        "Tags": [
          {
            "Key": "Name",
            "Value": "MyTestStack/MyVpc",
          },
        ],
      },
      "Type": "AWS::EC2::VPC",
    },
    "MyVpcIGW5C4A4F63": {
      "Properties": {
        "Tags": [
          {
            "Key": "Name",
            "Value": "MyTestStack/MyVpc",
          },
        ],
      },
      "Type": "AWS::EC2::InternetGateway",
    },
    "MyVpcPrivateSubnet1DefaultRouteA8CDE2FA": {
      "Properties": {
        "DestinationCidrBlock": "0.0.0.0/0",
        "NatGatewayId": {
          "Ref": "MyVpcPublicSubnet1NATGatewayAD3400C1",
        },
        "RouteTableId": {
          "Ref": "MyVpcPrivateSubnet1RouteTable8819E6E2",
        },
      },
      "Type": "AWS::EC2::Route",
    },
    "MyVpcPrivateSubnet1RouteTable8819E6E2": {
      "Properties": {
        "Tags": [
          {
            "Key": "Name",
            "Value": "MyTestStack/MyVpc/PrivateSubnet1",
          },
        ],
        "VpcId": {
          "Ref": "MyVpcF9F0CA6F",
        },
      },
      "Type": "AWS::EC2::RouteTable",
    },
    "MyVpcPrivateSubnet1RouteTableAssociation56D38C7E": {
      "Properties": {
        "RouteTableId": {
          "Ref": "MyVpcPrivateSubnet1RouteTable8819E6E2",
        },
        "SubnetId": {
          "Ref": "MyVpcPrivateSubnet1Subnet5057CF7E",
        },
      },
      "Type": "AWS::EC2::SubnetRouteTableAssociation",
    },
    "MyVpcPrivateSubnet1Subnet5057CF7E": {
      "Properties": {
        "AvailabilityZone": {
          "Fn::Select": [
            0,
            {
              "Fn::GetAZs": "",
            },
          ],
        },
        "CidrBlock": "10.0.128.0/18",
        "MapPublicIpOnLaunch": false,
        "Tags": [
          {
            "Key": "aws-cdk:subnet-name",
            "Value": "Private",
          },
          {
            "Key": "aws-cdk:subnet-type",
            "Value": "Private",
          },
          {
            "Key": "Name",
            "Value": "MyTestStack/MyVpc/PrivateSubnet1",
          },
        ],
        "VpcId": {
          "Ref": "MyVpcF9F0CA6F",
        },
      },
      "Type": "AWS::EC2::Subnet",
    },
    "MyVpcPrivateSubnet2DefaultRoute9CE96294": {
      "Properties": {
        "DestinationCidrBlock": "0.0.0.0/0",
        "NatGatewayId": {
          "Ref": "MyVpcPublicSubnet2NATGateway91BFBEC9",
        },
        "RouteTableId": {
          "Ref": "MyVpcPrivateSubnet2RouteTableCEDCEECE",
        },
      },
      "Type": "AWS::EC2::Route",
    },
    "MyVpcPrivateSubnet2RouteTableAssociation86A610DA": {
      "Properties": {
        "RouteTableId": {
          "Ref": "MyVpcPrivateSubnet2RouteTableCEDCEECE",
        },
        "SubnetId": {
          "Ref": "MyVpcPrivateSubnet2Subnet0040C983",
        },
      },
      "Type": "AWS::EC2::SubnetRouteTableAssociation",
    },
    "MyVpcPrivateSubnet2RouteTableCEDCEECE": {
      "Properties": {
        "Tags": [
          {
            "Key": "Name",
            "Value": "MyTestStack/MyVpc/PrivateSubnet2",
          },
        ],
        "VpcId": {
          "Ref": "MyVpcF9F0CA6F",
        },
      },
      "Type": "AWS::EC2::RouteTable",
    },
    "MyVpcPrivateSubnet2Subnet0040C983": {
      "Properties": {
        "AvailabilityZone": {
          "Fn::Select": [
            1,
            {
              "Fn::GetAZs": "",
            },
          ],
        },
        "CidrBlock": "10.0.192.0/18",
        "MapPublicIpOnLaunch": false,
        "Tags": [
          {
            "Key": "aws-cdk:subnet-name",
            "Value": "Private",
          },
          {
            "Key": "aws-cdk:subnet-type",
            "Value": "Private",
          },
          {
            "Key": "Name",
            "Value": "MyTestStack/MyVpc/PrivateSubnet2",
          },
        ],
        "VpcId": {
          "Ref": "MyVpcF9F0CA6F",
        },
      },
      "Type": "AWS::EC2::Subnet",
    },
    "MyVpcPublicSubnet1DefaultRoute95FDF9EB": {
      "DependsOn": [
        "MyVpcVPCGW488ACE0D",
      ],
      "Properties": {
        "DestinationCidrBlock": "0.0.0.0/0",
        "GatewayId": {
          "Ref": "MyVpcIGW5C4A4F63",
        },
        "RouteTableId": {
          "Ref": "MyVpcPublicSubnet1RouteTableC46AB2F4",
        },
      },
      "Type": "AWS::EC2::Route",
    },
    "MyVpcPublicSubnet1EIP096967CB": {
      "Properties": {
        "Domain": "vpc",
        "Tags": [
          {
            "Key": "Name",
            "Value": "MyTestStack/MyVpc/PublicSubnet1",
          },
        ],
      },
      "Type": "AWS::EC2::EIP",
    },
    "MyVpcPublicSubnet1NATGatewayAD3400C1": {
      "DependsOn": [
        "MyVpcPublicSubnet1DefaultRoute95FDF9EB",
        "MyVpcPublicSubnet1RouteTableAssociation2ECEE1CB",
      ],
      "Properties": {
        "AllocationId": {
          "Fn::GetAtt": [
            "MyVpcPublicSubnet1EIP096967CB",
            "AllocationId",
          ],
        },
        "SubnetId": {
          "Ref": "MyVpcPublicSubnet1SubnetF6608456",
        },
        "Tags": [
          {
            "Key": "Name",
            "Value": "MyTestStack/MyVpc/PublicSubnet1",
          },
        ],
      },
      "Type": "AWS::EC2::NatGateway",
    },
    "MyVpcPublicSubnet1RouteTableAssociation2ECEE1CB": {
      "Properties": {
        "RouteTableId": {
          "Ref": "MyVpcPublicSubnet1RouteTableC46AB2F4",
        },
        "SubnetId": {
          "Ref": "MyVpcPublicSubnet1SubnetF6608456",
        },
      },
      "Type": "AWS::EC2::SubnetRouteTableAssociation",
    },
    "MyVpcPublicSubnet1RouteTableC46AB2F4": {
      "Properties": {
        "Tags": [
          {
            "Key": "Name",
            "Value": "MyTestStack/MyVpc/PublicSubnet1",
          },
        ],
        "VpcId": {
          "Ref": "MyVpcF9F0CA6F",
        },
      },
      "Type": "AWS::EC2::RouteTable",
    },
    "MyVpcPublicSubnet1SubnetF6608456": {
      "Properties": {
        "AvailabilityZone": {
          "Fn::Select": [
            0,
            {
              "Fn::GetAZs": "",
            },
          ],
        },
        "CidrBlock": "10.0.0.0/18",
        "MapPublicIpOnLaunch": true,
        "Tags": [
          {
            "Key": "aws-cdk:subnet-name",
            "Value": "Public",
          },
          {
            "Key": "aws-cdk:subnet-type",
            "Value": "Public",
          },
          {
            "Key": "Name",
            "Value": "MyTestStack/MyVpc/PublicSubnet1",
          },
        ],
        "VpcId": {
          "Ref": "MyVpcF9F0CA6F",
        },
      },
      "Type": "AWS::EC2::Subnet",
    },
    "MyVpcPublicSubnet2DefaultRoute052936F6": {
      "DependsOn": [
        "MyVpcVPCGW488ACE0D",
      ],
      "Properties": {
        "DestinationCidrBlock": "0.0.0.0/0",
        "GatewayId": {
          "Ref": "MyVpcIGW5C4A4F63",
        },
        "RouteTableId": {
          "Ref": "MyVpcPublicSubnet2RouteTable1DF17386",
        },
      },
      "Type": "AWS::EC2::Route",
    },
    "MyVpcPublicSubnet2EIP8CCBA239": {
      "Properties": {
        "Domain": "vpc",
        "Tags": [
          {
            "Key": "Name",
            "Value": "MyTestStack/MyVpc/PublicSubnet2",
          },
        ],
      },
      "Type": "AWS::EC2::EIP",
    },
    "MyVpcPublicSubnet2NATGateway91BFBEC9": {
      "DependsOn": [
        "MyVpcPublicSubnet2DefaultRoute052936F6",
        "MyVpcPublicSubnet2RouteTableAssociation227DE78D",
      ],
      "Properties": {
        "AllocationId": {
          "Fn::GetAtt": [
            "MyVpcPublicSubnet2EIP8CCBA239",
            "AllocationId",
          ],
        },
        "SubnetId": {
          "Ref": "MyVpcPublicSubnet2Subnet492B6BFB",
        },
        "Tags": [
          {
            "Key": "Name",
            "Value": "MyTestStack/MyVpc/PublicSubnet2",
          },
        ],
      },
      "Type": "AWS::EC2::NatGateway",
    },
    "MyVpcPublicSubnet2RouteTable1DF17386": {
      "Properties": {
        "Tags": [
          {
            "Key": "Name",
            "Value": "MyTestStack/MyVpc/PublicSubnet2",
          },
        ],
        "VpcId": {
          "Ref": "MyVpcF9F0CA6F",
        },
      },
      "Type": "AWS::EC2::RouteTable",
    },
    "MyVpcPublicSubnet2RouteTableAssociation227DE78D": {
      "Properties": {
        "RouteTableId": {
          "Ref": "MyVpcPublicSubnet2RouteTable1DF17386",
        },
        "SubnetId": {
          "Ref": "MyVpcPublicSubnet2Subnet492B6BFB",
        },
      },
      "Type": "AWS::EC2::SubnetRouteTableAssociation",
    },
    "MyVpcPublicSubnet2Subnet492B6BFB": {
      "Properties": {
        "AvailabilityZone": {
          "Fn::Select": [
            1,
            {
              "Fn::GetAZs": "",
            },
          ],
        },
        "CidrBlock": "10.0.64.0/18",
        "MapPublicIpOnLaunch": true,
        "Tags": [
          {
            "Key": "aws-cdk:subnet-name",
            "Value": "Public",
          },
          {
            "Key": "aws-cdk:subnet-type",
            "Value": "Public",
          },
          {
            "Key": "Name",
            "Value": "MyTestStack/MyVpc/PublicSubnet2",
          },
        ],
        "VpcId": {
          "Ref": "MyVpcF9F0CA6F",
        },
      },
      "Type": "AWS::EC2::Subnet",
    },
    "MyVpcVPCGW488ACE0D": {
      "Properties": {
        "InternetGatewayId": {
          "Ref": "MyVpcIGW5C4A4F63",
        },
        "VpcId": {
          "Ref": "MyVpcF9F0CA6F",
        },
      },
      "Type": "AWS::EC2::VPCGatewayAttachment",
    },
  },
  "Rules": {
    "CheckBootstrapVersion": {
      "Assertions": [
        {
          "Assert": {
            "Fn::Not": [
              {
                "Fn::Contains": [
                  [
                    "1",
                    "2",
                    "3",
                    "4",
                    "5",
                  ],
                  {
                    "Ref": "BootstrapVersion",
                  },
                ],
              },
            ],
          },
          "AssertDescription": "CDK bootstrap stack version 6 required. Please run 'cdk bootstrap' with a recent version of the CDK CLI.",
        },
      ],
    },
  },
}
`;
